#
# There is insufficient memory for the Java Runtime Environment to continue.
# Native memory allocation (malloc) failed to allocate 943904 bytes. Error detail: Chunk::new
# Possible reasons:
#   The system is out of physical RAM or swap space
#   This process is running with CompressedOops enabled, and the Java Heap may be blocking the growth of the native heap
# Possible solutions:
#   Reduce memory load on the system
#   Increase physical memory or swap space
#   Check if swap backing store is full
#   Decrease Java heap size (-Xmx/-Xms)
#   Decrease number of Java threads
#   Decrease Java thread stack sizes (-Xss)
#   Set larger code cache with -XX:ReservedCodeCacheSize=
#   JVM is running with Unscaled Compressed Oops mode in which the Java heap is
#     placed in the first 4GB address space. The Java Heap base address is the
#     maximum limit for the native heap growth. Please use -XX:HeapBaseMinAddress
#     to set the Java Heap base and to place the Java Heap above 4GB virtual address.
# This output file may be truncated or incomplete.
#
#  Out of Memory Error (arena.cpp:191), pid=39964, tid=25540
#
# JRE version: OpenJDK Runtime Environment Temurin-17.0.18+8 (17.0.18+8) (build 17.0.18+8)
# Java VM: OpenJDK 64-Bit Server VM Temurin-17.0.18+8 (17.0.18+8, mixed mode, sharing, tiered, compressed oops, compressed class ptrs, g1 gc, windows-amd64)
# No core dump will be written. Minidumps are not enabled by default on client versions of Windows
#

---------------  S U M M A R Y ------------

Command Line: c:\Users\SMR\.vscode\extensions\salesforce.salesforce-vscode-slds-2.0.12\lsp-2.0.12-executable.jar --PORT=55578

Host: 11th Gen Intel(R) Core(TM) i3-1115G4 @ 3.00GHz, 4 cores, 7G,  Windows 11 , 64 bit Build 26100 (10.0.26100.8521)
Time: Mon Jul 27 02:10:48 2026 India Standard Time elapsed time: 22.247960 seconds (0d 0h 0m 22s)

---------------  T H R E A D  ---------------

Current thread (0x000001f1ffb50d10):  JavaThread "C2 CompilerThread0" daemon [_thread_in_native, id=25540, stack(0x000000dba5500000,0x000000dba5600000)]


Current CompileTask:
C2:22287 4839       4       com.opencsv.bean.AbstractMappingStrategy::setFieldValue (43 bytes)

Stack: [0x000000dba5500000,0x000000dba5600000]
Native frames: (J=compiled Java code, j=interpreted, Vv=VM code, C=native code)
V  [jvm.dll+0x6846f9]
V  [jvm.dll+0x839ea5]
V  [jvm.dll+0x83b91e]
V  [jvm.dll+0x83bfa3]
V  [jvm.dll+0x248eff]
V  [jvm.dll+0xad496]
V  [jvm.dll+0xadb3c]
V  [jvm.dll+0x368c1e]
V  [jvm.dll+0x1bc1ef]
V  [jvm.dll+0x219f10]
V  [jvm.dll+0x219200]
V  [jvm.dll+0x1a4920]
V  [jvm.dll+0x22989a]
V  [jvm.dll+0x227a4b]
V  [jvm.dll+0x7f0658]
V  [jvm.dll+0x7eaaec]
V  [jvm.dll+0x6835c7]
C  [ucrtbase.dll+0x2cd30]
C  [KERNEL32.DLL+0x2e957]
C  [ntdll.dll+0x87c1c]


---------------  P R O C E S S  ---------------

Threads class SMR info:
_java_thread_list=0x000001f1dd656380, length=15, elements={
0x000001f1f8c28660, 0x000001f1ffb2e320, 0x000001f1ffb2f850, 0x000001f1ffb49210,
0x000001f1ffb49bd0, 0x000001f1ffb4a590, 0x000001f1ffb4af50, 0x000001f1ffb50d10,
0x000001f1ffb59110, 0x000001f196bf07e0, 0x000001f196ca9070, 0x000001f196cb5c20,
0x000001f196e749e0, 0x000001f1dd3c71e0, 0x000001f1de00f3b0
}

Java Threads: ( => current thread )
  0x000001f1f8c28660 JavaThread "main" [_thread_in_native, id=31812, stack(0x000000dba4800000,0x000000dba4900000)]
  0x000001f1ffb2e320 JavaThread "Reference Handler" daemon [_thread_blocked, id=37872, stack(0x000000dba4f00000,0x000000dba5000000)]
  0x000001f1ffb2f850 JavaThread "Finalizer" daemon [_thread_blocked, id=56616, stack(0x000000dba5000000,0x000000dba5100000)]
  0x000001f1ffb49210 JavaThread "Signal Dispatcher" daemon [_thread_blocked, id=48148, stack(0x000000dba5100000,0x000000dba5200000)]
  0x000001f1ffb49bd0 JavaThread "Attach Listener" daemon [_thread_blocked, id=48892, stack(0x000000dba5200000,0x000000dba5300000)]
  0x000001f1ffb4a590 JavaThread "Service Thread" daemon [_thread_blocked, id=32948, stack(0x000000dba5300000,0x000000dba5400000)]
  0x000001f1ffb4af50 JavaThread "Monitor Deflation Thread" daemon [_thread_blocked, id=55640, stack(0x000000dba5400000,0x000000dba5500000)]
=>0x000001f1ffb50d10 JavaThread "C2 CompilerThread0" daemon [_thread_in_native, id=25540, stack(0x000000dba5500000,0x000000dba5600000)]
  0x000001f1ffb59110 JavaThread "C1 CompilerThread0" daemon [_thread_blocked, id=26300, stack(0x000000dba5600000,0x000000dba5700000)]
  0x000001f196bf07e0 JavaThread "Sweeper thread" daemon [_thread_blocked, id=432, stack(0x000000dba5700000,0x000000dba5800000)]
  0x000001f196ca9070 JavaThread "Notification Thread" daemon [_thread_blocked, id=13748, stack(0x000000dba5800000,0x000000dba5900000)]
  0x000001f196cb5c20 JavaThread "Common-Cleaner" daemon [_thread_blocked, id=17420, stack(0x000000dba5a00000,0x000000dba5b00000)]
  0x000001f196e749e0 JavaThread "Cleaner-0" daemon [_thread_blocked, id=42756, stack(0x000000dba5b00000,0x000000dba5c00000)]
  0x000001f1dd3c71e0 JavaThread "pool-2-thread-1" [_thread_blocked, id=31208, stack(0x000000dba5c00000,0x000000dba5d00000)]
  0x000001f1de00f3b0 JavaThread "C2 CompilerThread1" daemon [_thread_in_native, id=17828, stack(0x000000dba6000000,0x000000dba6100000)]

Other Threads:
  0x000001f1ffb25bc0 VMThread "VM Thread" [stack: 0x000000dba4e00000,0x000000dba4f00000] [id=19296]
  0x000001f196cad560 WatcherThread [stack: 0x000000dba5900000,0x000000dba5a00000] [id=26288]
  0x000001f1f8c823e0 GCTaskThread "GC Thread#0" [stack: 0x000000dba4900000,0x000000dba4a00000] [id=39280]
  0x000001f1dc1372c0 GCTaskThread "GC Thread#1" [stack: 0x000000dba5d00000,0x000000dba5e00000] [id=52696]
  0x000001f1dc33ff30 GCTaskThread "GC Thread#2" [stack: 0x000000dba5e00000,0x000000dba5f00000] [id=22284]
  0x000001f1dc2dc2e0 GCTaskThread "GC Thread#3" [stack: 0x000000dba5f00000,0x000000dba6000000] [id=17208]
  0x000001f1f8c92af0 ConcurrentGCThread "G1 Main Marker" [stack: 0x000000dba4a00000,0x000000dba4b00000] [id=58216]
  0x000001f1f8c95420 ConcurrentGCThread "G1 Conc#0" [stack: 0x000000dba4b00000,0x000000dba4c00000] [id=53912]
  0x000001f1ff9d20b0 ConcurrentGCThread "G1 Refine#0" [stack: 0x000000dba4c00000,0x000000dba4d00000] [id=56928]
  0x000001f1ff9d29e0 ConcurrentGCThread "G1 Service" [stack: 0x000000dba4d00000,0x000000dba4e00000] [id=48448]

Threads with active compile tasks:
C2 CompilerThread0  22364 4839       4       com.opencsv.bean.AbstractMappingStrategy::setFieldValue (43 bytes)
C2 CompilerThread1  22364 4896   !   4       java.util.concurrent.LinkedBlockingQueue$LBQSpliterator::tryAdvance (118 bytes)

VM state: not at safepoint (normal execution)

VM Mutex/Monitor currently owned by a thread: None

Heap address: 0x0000000084200000, size: 1982 MB, Compressed Oops mode: 32-bit

CDS archive(s) mapped at: [0x000001f197000000-0x000001f197bb0000-0x000001f197bb0000), size 12255232, SharedBaseAddress: 0x000001f197000000, ArchiveRelocationMode: 1.
Compressed class space mapped at: 0x000001f198000000-0x000001f1d8000000, reserved size: 1073741824
Narrow klass base: 0x000001f197000000, Narrow klass shift: 0, Narrow klass range: 0x100000000

GC Precious Log:
 CPUs: 4 total, 4 available
 Memory: 7926M
 Large Page Support: Disabled
 NUMA Support: Disabled
 Compressed Oops: Enabled (32-bit)
 Heap Region Size: 1M
 Heap Min Capacity: 8M
 Heap Initial Capacity: 124M
 Heap Max Capacity: 1982M
 Pre-touch: Disabled
 Parallel Workers: 4
 Concurrent Workers: 1
 Concurrent Refinement Workers: 4
 Periodic GC: Disabled

Heap:
 garbage-first heap   total 95232K, used 29519K [0x0000000084200000, 0x0000000100000000)
  region size 1024K, 20 young (20480K), 4 survivors (4096K)
 Metaspace       used 27828K, committed 28224K, reserved 1114112K
  class space    used 3328K, committed 3520K, reserved 1048576K

Heap Regions: E=young(eden), S=young(survivor), O=old, HS=humongous(starts), HC=humongous(continues), CS=collection set, F=free, OA=open archive, CA=closed archive, TAMS=top-at-mark-start (previous, next)
|   0|0x0000000084200000, 0x0000000084300000, 0x0000000084300000|100%| O|  |TAMS 0x0000000084300000, 0x0000000084200000| Untracked 
|   1|0x0000000084300000, 0x0000000084400000, 0x0000000084400000|100%| O|  |TAMS 0x00000000843cd000, 0x0000000084300000| Untracked 
|   2|0x0000000084400000, 0x0000000084500000, 0x0000000084500000|100%| O|  |TAMS 0x0000000084400000, 0x0000000084400000| Untracked 
|   3|0x0000000084500000, 0x0000000084600000, 0x0000000084600000|100%| O|  |TAMS 0x0000000084500000, 0x0000000084500000| Untracked 
|   4|0x0000000084600000, 0x0000000084700000, 0x0000000084700000|100%| O|  |TAMS 0x0000000084600000, 0x0000000084600000| Untracked 
|   5|0x0000000084700000, 0x0000000084700000, 0x0000000084800000|  0%| F|  |TAMS 0x0000000084700000, 0x0000000084700000| Untracked 
|   6|0x0000000084800000, 0x0000000084900000, 0x0000000084900000|100%| O|  |TAMS 0x0000000084800000, 0x0000000084800000| Untracked 
|   7|0x0000000084900000, 0x0000000084a00000, 0x0000000084a00000|100%| O|  |TAMS 0x0000000084900000, 0x0000000084900000| Untracked 
|   8|0x0000000084a00000, 0x0000000084b00000, 0x0000000084b00000|100%| O|  |TAMS 0x0000000084a00000, 0x0000000084a00000| Untracked 
|   9|0x0000000084b00000, 0x0000000084c00000, 0x0000000084c00000|100%| O|  |TAMS 0x0000000084b00000, 0x0000000084b00000| Untracked 
|  10|0x0000000084c00000, 0x0000000084d00000, 0x0000000084d00000|100%| O|  |TAMS 0x0000000084c00000, 0x0000000084c00000| Untracked 
|  11|0x0000000084d00000, 0x0000000084d41e00, 0x0000000084e00000| 25%| O|  |TAMS 0x0000000084d00000, 0x0000000084d00000| Untracked 
|  12|0x0000000084e00000, 0x0000000084e00000, 0x0000000084f00000|  0%| F|  |TAMS 0x0000000084e00000, 0x0000000084e00000| Untracked 
|  13|0x0000000084f00000, 0x0000000084f00000, 0x0000000085000000|  0%| F|  |TAMS 0x0000000084f00000, 0x0000000084f00000| Untracked 
|  14|0x0000000085000000, 0x0000000085000000, 0x0000000085100000|  0%| F|  |TAMS 0x0000000085000000, 0x0000000085000000| Untracked 
|  15|0x0000000085100000, 0x0000000085100000, 0x0000000085200000|  0%| F|  |TAMS 0x0000000085100000, 0x0000000085100000| Untracked 
|  16|0x0000000085200000, 0x0000000085200000, 0x0000000085300000|  0%| F|  |TAMS 0x0000000085200000, 0x0000000085200000| Untracked 
|  17|0x0000000085300000, 0x0000000085300000, 0x0000000085400000|  0%| F|  |TAMS 0x0000000085300000, 0x0000000085300000| Untracked 
|  18|0x0000000085400000, 0x0000000085400000, 0x0000000085500000|  0%| F|  |TAMS 0x0000000085400000, 0x0000000085400000| Untracked 
|  19|0x0000000085500000, 0x0000000085500000, 0x0000000085600000|  0%| F|  |TAMS 0x0000000085500000, 0x0000000085500000| Untracked 
|  20|0x0000000085600000, 0x0000000085600000, 0x0000000085700000|  0%| F|  |TAMS 0x0000000085600000, 0x0000000085600000| Untracked 
|  21|0x0000000085700000, 0x0000000085700000, 0x0000000085800000|  0%| F|  |TAMS 0x0000000085700000, 0x0000000085700000| Untracked 
|  22|0x0000000085800000, 0x0000000085800000, 0x0000000085900000|  0%| F|  |TAMS 0x0000000085800000, 0x0000000085800000| Untracked 
|  23|0x0000000085900000, 0x0000000085900000, 0x0000000085a00000|  0%| F|  |TAMS 0x0000000085900000, 0x0000000085900000| Untracked 
|  24|0x0000000085a00000, 0x0000000085a00000, 0x0000000085b00000|  0%| F|  |TAMS 0x0000000085a00000, 0x0000000085a00000| Untracked 
|  25|0x0000000085b00000, 0x0000000085b00000, 0x0000000085c00000|  0%| F|  |TAMS 0x0000000085b00000, 0x0000000085b00000| Untracked 
|  26|0x0000000085c00000, 0x0000000085c00000, 0x0000000085d00000|  0%| F|  |TAMS 0x0000000085c00000, 0x0000000085c00000| Untracked 
|  27|0x0000000085d00000, 0x0000000085d00000, 0x0000000085e00000|  0%| F|  |TAMS 0x0000000085d00000, 0x0000000085d00000| Untracked 
|  28|0x0000000085e00000, 0x0000000085e00000, 0x0000000085f00000|  0%| F|  |TAMS 0x0000000085e00000, 0x0000000085e00000| Untracked 
|  29|0x0000000085f00000, 0x0000000085f00000, 0x0000000086000000|  0%| F|  |TAMS 0x0000000085f00000, 0x0000000085f00000| Untracked 
|  30|0x0000000086000000, 0x0000000086000000, 0x0000000086100000|  0%| F|  |TAMS 0x0000000086000000, 0x0000000086000000| Untracked 
|  31|0x0000000086100000, 0x0000000086100000, 0x0000000086200000|  0%| F|  |TAMS 0x0000000086100000, 0x0000000086100000| Untracked 
|  32|0x0000000086200000, 0x0000000086200000, 0x0000000086300000|  0%| F|  |TAMS 0x0000000086200000, 0x0000000086200000| Untracked 
|  33|0x0000000086300000, 0x0000000086300000, 0x0000000086400000|  0%| F|  |TAMS 0x0000000086300000, 0x0000000086300000| Untracked 
|  34|0x0000000086400000, 0x0000000086400000, 0x0000000086500000|  0%| F|  |TAMS 0x0000000086400000, 0x0000000086400000| Untracked 
|  35|0x0000000086500000, 0x0000000086591f70, 0x0000000086600000| 57%| S|CS|TAMS 0x0000000086500000, 0x0000000086500000| Complete 
|  36|0x0000000086600000, 0x0000000086700000, 0x0000000086700000|100%| S|CS|TAMS 0x0000000086600000, 0x0000000086600000| Complete 
|  37|0x0000000086700000, 0x0000000086800000, 0x0000000086800000|100%| S|CS|TAMS 0x0000000086700000, 0x0000000086700000| Complete 
|  38|0x0000000086800000, 0x0000000086900000, 0x0000000086900000|100%| S|CS|TAMS 0x0000000086800000, 0x0000000086800000| Complete 
|  39|0x0000000086900000, 0x0000000086900000, 0x0000000086a00000|  0%| F|  |TAMS 0x0000000086900000, 0x0000000086900000| Untracked 
|  40|0x0000000086a00000, 0x0000000086a00000, 0x0000000086b00000|  0%| F|  |TAMS 0x0000000086a00000, 0x0000000086a00000| Untracked 
|  41|0x0000000086b00000, 0x0000000086b00000, 0x0000000086c00000|  0%| F|  |TAMS 0x0000000086b00000, 0x0000000086b00000| Untracked 
|  42|0x0000000086c00000, 0x0000000086c00000, 0x0000000086d00000|  0%| F|  |TAMS 0x0000000086c00000, 0x0000000086c00000| Untracked 
|  43|0x0000000086d00000, 0x0000000086d00000, 0x0000000086e00000|  0%| F|  |TAMS 0x0000000086d00000, 0x0000000086d00000| Untracked 
|  44|0x0000000086e00000, 0x0000000086e00000, 0x0000000086f00000|  0%| F|  |TAMS 0x0000000086e00000, 0x0000000086e00000| Untracked 
|  45|0x0000000086f00000, 0x0000000086f00000, 0x0000000087000000|  0%| F|  |TAMS 0x0000000086f00000, 0x0000000086f00000| Untracked 
|  46|0x0000000087000000, 0x0000000087000000, 0x0000000087100000|  0%| F|  |TAMS 0x0000000087000000, 0x0000000087000000| Untracked 
|  47|0x0000000087100000, 0x0000000087100000, 0x0000000087200000|  0%| F|  |TAMS 0x0000000087100000, 0x0000000087100000| Untracked 
|  48|0x0000000087200000, 0x0000000087200000, 0x0000000087300000|  0%| F|  |TAMS 0x0000000087200000, 0x0000000087200000| Untracked 
|  49|0x0000000087300000, 0x0000000087300000, 0x0000000087400000|  0%| F|  |TAMS 0x0000000087300000, 0x0000000087300000| Untracked 
|  50|0x0000000087400000, 0x0000000087400000, 0x0000000087500000|  0%| F|  |TAMS 0x0000000087400000, 0x0000000087400000| Untracked 
|  51|0x0000000087500000, 0x0000000087500000, 0x0000000087600000|  0%| F|  |TAMS 0x0000000087500000, 0x0000000087500000| Untracked 
|  52|0x0000000087600000, 0x0000000087600000, 0x0000000087700000|  0%| F|  |TAMS 0x0000000087600000, 0x0000000087600000| Untracked 
|  53|0x0000000087700000, 0x0000000087700000, 0x0000000087800000|  0%| F|  |TAMS 0x0000000087700000, 0x0000000087700000| Untracked 
|  54|0x0000000087800000, 0x0000000087800000, 0x0000000087900000|  0%| F|  |TAMS 0x0000000087800000, 0x0000000087800000| Untracked 
|  55|0x0000000087900000, 0x0000000087900000, 0x0000000087a00000|  0%| F|  |TAMS 0x0000000087900000, 0x0000000087900000| Untracked 
|  56|0x0000000087a00000, 0x0000000087a00000, 0x0000000087b00000|  0%| F|  |TAMS 0x0000000087a00000, 0x0000000087a00000| Untracked 
|  57|0x0000000087b00000, 0x0000000087b00000, 0x0000000087c00000|  0%| F|  |TAMS 0x0000000087b00000, 0x0000000087b00000| Untracked 
|  58|0x0000000087c00000, 0x0000000087c00000, 0x0000000087d00000|  0%| F|  |TAMS 0x0000000087c00000, 0x0000000087c00000| Untracked 
|  59|0x0000000087d00000, 0x0000000087d00000, 0x0000000087e00000|  0%| F|  |TAMS 0x0000000087d00000, 0x0000000087d00000| Untracked 
|  60|0x0000000087e00000, 0x0000000087e00000, 0x0000000087f00000|  0%| F|  |TAMS 0x0000000087e00000, 0x0000000087e00000| Untracked 
|  61|0x0000000087f00000, 0x0000000087f00000, 0x0000000088000000|  0%| F|  |TAMS 0x0000000087f00000, 0x0000000087f00000| Untracked 
|  62|0x0000000088000000, 0x0000000088000000, 0x0000000088100000|  0%| F|  |TAMS 0x0000000088000000, 0x0000000088000000| Untracked 
|  63|0x0000000088100000, 0x0000000088100000, 0x0000000088200000|  0%| F|  |TAMS 0x0000000088100000, 0x0000000088100000| Untracked 
|  64|0x0000000088200000, 0x0000000088200000, 0x0000000088300000|  0%| F|  |TAMS 0x0000000088200000, 0x0000000088200000| Untracked 
|  65|0x0000000088300000, 0x0000000088300000, 0x0000000088400000|  0%| F|  |TAMS 0x0000000088300000, 0x0000000088300000| Untracked 
|  66|0x0000000088400000, 0x0000000088400000, 0x0000000088500000|  0%| F|  |TAMS 0x0000000088400000, 0x0000000088400000| Untracked 
|  67|0x0000000088500000, 0x0000000088500000, 0x0000000088600000|  0%| F|  |TAMS 0x0000000088500000, 0x0000000088500000| Untracked 
|  68|0x0000000088600000, 0x0000000088600000, 0x0000000088700000|  0%| F|  |TAMS 0x0000000088600000, 0x0000000088600000| Untracked 
|  69|0x0000000088700000, 0x0000000088700000, 0x0000000088800000|  0%| F|  |TAMS 0x0000000088700000, 0x0000000088700000| Untracked 
|  70|0x0000000088800000, 0x0000000088800000, 0x0000000088900000|  0%| F|  |TAMS 0x0000000088800000, 0x0000000088800000| Untracked 
|  71|0x0000000088900000, 0x0000000088900000, 0x0000000088a00000|  0%| F|  |TAMS 0x0000000088900000, 0x0000000088900000| Untracked 
|  72|0x0000000088a00000, 0x0000000088a00000, 0x0000000088b00000|  0%| F|  |TAMS 0x0000000088a00000, 0x0000000088a00000| Untracked 
|  73|0x0000000088b00000, 0x0000000088b00000, 0x0000000088c00000|  0%| F|  |TAMS 0x0000000088b00000, 0x0000000088b00000| Untracked 
|  74|0x0000000088c00000, 0x0000000088c00000, 0x0000000088d00000|  0%| F|  |TAMS 0x0000000088c00000, 0x0000000088c00000| Untracked 
|  75|0x0000000088d00000, 0x0000000088d00000, 0x0000000088e00000|  0%| F|  |TAMS 0x0000000088d00000, 0x0000000088d00000| Untracked 
|  76|0x0000000088e00000, 0x0000000088e00000, 0x0000000088f00000|  0%| F|  |TAMS 0x0000000088e00000, 0x0000000088e00000| Untracked 
|  77|0x0000000088f00000, 0x0000000088fecdd0, 0x0000000089000000| 92%| E|  |TAMS 0x0000000088f00000, 0x0000000088f00000| Complete 
|  78|0x0000000089000000, 0x0000000089100000, 0x0000000089100000|100%| E|CS|TAMS 0x0000000089000000, 0x0000000089000000| Complete 
|  79|0x0000000089100000, 0x0000000089200000, 0x0000000089200000|100%| E|CS|TAMS 0x0000000089100000, 0x0000000089100000| Complete 
|  80|0x0000000089200000, 0x0000000089300000, 0x0000000089300000|100%| E|CS|TAMS 0x0000000089200000, 0x0000000089200000| Complete 
|  81|0x0000000089300000, 0x0000000089400000, 0x0000000089400000|100%| E|CS|TAMS 0x0000000089300000, 0x0000000089300000| Complete 
|  82|0x0000000089400000, 0x0000000089500000, 0x0000000089500000|100%| E|CS|TAMS 0x0000000089400000, 0x0000000089400000| Complete 
|  83|0x0000000089500000, 0x0000000089600000, 0x0000000089600000|100%| E|CS|TAMS 0x0000000089500000, 0x0000000089500000| Complete 
|  84|0x0000000089600000, 0x0000000089700000, 0x0000000089700000|100%| E|CS|TAMS 0x0000000089600000, 0x0000000089600000| Complete 
|  85|0x0000000089700000, 0x0000000089800000, 0x0000000089800000|100%| E|CS|TAMS 0x0000000089700000, 0x0000000089700000| Complete 
|  86|0x0000000089800000, 0x0000000089900000, 0x0000000089900000|100%| E|CS|TAMS 0x0000000089800000, 0x0000000089800000| Complete 
|  87|0x0000000089900000, 0x0000000089a00000, 0x0000000089a00000|100%| E|CS|TAMS 0x0000000089900000, 0x0000000089900000| Complete 
| 114|0x000000008b400000, 0x000000008b500000, 0x000000008b500000|100%| E|CS|TAMS 0x000000008b400000, 0x000000008b400000| Complete 
| 115|0x000000008b500000, 0x000000008b600000, 0x000000008b600000|100%| E|CS|TAMS 0x000000008b500000, 0x000000008b500000| Complete 
| 116|0x000000008b600000, 0x000000008b700000, 0x000000008b700000|100%| E|CS|TAMS 0x000000008b600000, 0x000000008b600000| Complete 
| 117|0x000000008b700000, 0x000000008b800000, 0x000000008b800000|100%| E|CS|TAMS 0x000000008b700000, 0x000000008b700000| Complete 
| 123|0x000000008bd00000, 0x000000008be00000, 0x000000008be00000|100%| E|CS|TAMS 0x000000008bd00000, 0x000000008bd00000| Complete 

Card table byte_map: [0x000001f1f90c0000,0x000001f1f94a0000] _byte_map_base: 0x000001f1f8c9f000

Marking Bits (Prev, Next): (CMBitMap*) 0x000001f1f8c82a40, (CMBitMap*) 0x000001f1f8c82a00
 Prev Bits: [0x000001f1fb780000, 0x000001f1fd678000)
 Next Bits: [0x000001f1f9880000, 0x000001f1fb778000)

Polling page: 0x000001f1f6b90000

Metaspace:

Usage:
  Non-class:     23.94 MB used.
      Class:      3.25 MB used.
       Both:     27.19 MB used.

Virtual space:
  Non-class space:       64.00 MB reserved,      24.19 MB ( 38%) committed,  1 nodes.
      Class space:        1.00 GB reserved,       3.44 MB ( <1%) committed,  1 nodes.
             Both:        1.06 GB reserved,      27.62 MB (  3%) committed. 

Chunk freelists:
   Non-Class:  7.73 MB
       Class:  12.54 MB
        Both:  20.27 MB

MaxMetaspaceSize: unlimited
CompressedClassSpaceSize: 1.00 GB
Initial GC threshold: 21.00 MB
Current GC threshold: 35.12 MB
CDS: on
MetaspaceReclaimPolicy: balanced
 - commit_granule_bytes: 65536.
 - commit_granule_words: 8192.
 - virtual_space_node_default_size: 8388608.
 - enlarge_chunks_in_place: 1.
 - new_chunks_are_fully_committed: 0.
 - uncommit_free_chunks: 1.
 - use_allocation_guard: 0.
 - handle_deallocations: 1.


Internal statistics:

num_allocs_failed_limit: 3.
num_arena_births: 484.
num_arena_deaths: 0.
num_vsnodes_births: 2.
num_vsnodes_deaths: 0.
num_space_committed: 442.
num_space_uncommitted: 0.
num_chunks_returned_to_freelist: 3.
num_chunks_taken_from_freelist: 1563.
num_chunk_merges: 3.
num_chunk_splits: 1056.
num_chunks_enlarged: 754.
num_inconsistent_stats: 0.

CodeHeap 'non-profiled nmethods': size=120000Kb used=2455Kb max_used=2982Kb free=117544Kb
 bounds [0x000001f18f580000, 0x000001f18f870000, 0x000001f196ab0000]
CodeHeap 'profiled nmethods': size=120000Kb used=8159Kb max_used=9813Kb free=111840Kb
 bounds [0x000001f187ab0000, 0x000001f188450000, 0x000001f18efe0000]
CodeHeap 'non-nmethods': size=5760Kb used=1264Kb max_used=1315Kb free=4495Kb
 bounds [0x000001f18efe0000, 0x000001f18f250000, 0x000001f18f580000]
 total_blobs=4682 nmethods=4114 adapters=480
 compilation: enabled
              stopped_count=0, restarted_count=0
 full_count=0

Compilation events (20 events):
Event: 20.422 Thread 0x000001f1de00f3b0 nmethod 4887 0x000001f18f7a1c90 code [0x000001f18f7a1e60, 0x000001f18f7a24b8]
Event: 20.422 Thread 0x000001f1de00f3b0 4873       4       java.lang.String::contains (19 bytes)
Event: 20.426 Thread 0x000001f1de00f3b0 nmethod 4873 0x000001f18f7a1590 code [0x000001f18f7a1720, 0x000001f18f7a1ab8]
Event: 20.426 Thread 0x000001f1de00f3b0 4842       4       jdk.internal.reflect.ClassFileAssembler::cpi (22 bytes)
Event: 20.426 Thread 0x000001f1de00f3b0 nmethod 4842 0x000001f18f80c990 code [0x000001f18f80cb20, 0x000001f18f80cbb8]
Event: 20.426 Thread 0x000001f1de00f3b0 4893       4       java.util.Spliterators$ArraySpliterator::estimateSize (11 bytes)
Event: 20.427 Thread 0x000001f1de00f3b0 nmethod 4893 0x000001f18f81fd90 code [0x000001f18f81ff00, 0x000001f18f81ff78]
Event: 20.460 Thread 0x000001f1de00f3b0 4896   !   4       java.util.concurrent.LinkedBlockingQueue$LBQSpliterator::tryAdvance (118 bytes)
Event: 20.470 Thread 0x000001f1ffb59110 4898       3       java.util.concurrent.ConcurrentSkipListMap::tryReduceLevel (78 bytes)
Event: 20.472 Thread 0x000001f1ffb59110 nmethod 4898 0x000001f187c79390 code [0x000001f187c79660, 0x000001f187c7a588]
Event: 20.503 Thread 0x000001f1ffb59110 4903       3       java.lang.String::equals (56 bytes)
Event: 20.504 Thread 0x000001f1ffb59110 nmethod 4903 0x000001f187cc0410 code [0x000001f187cc05e0, 0x000001f187cc0a48]
Event: 20.508 Thread 0x000001f1ffb59110 4904       3       java.util.TreeMap$PrivateEntryIterator::nextEntry (54 bytes)
Event: 20.508 Thread 0x000001f1ffb59110 nmethod 4904 0x000001f187dcf990 code [0x000001f187dcfb80, 0x000001f187dcffa8]
Event: 20.508 Thread 0x000001f1ffb59110 4905       3       java.util.TreeMap::successor (66 bytes)
Event: 20.508 Thread 0x000001f1ffb59110 nmethod 4905 0x000001f187dd4f10 code [0x000001f187dd50e0, 0x000001f187dd5438]
Event: 20.508 Thread 0x000001f1ffb59110 4906       3       java.util.TreeMap$KeyIterator::next (8 bytes)
Event: 20.508 Thread 0x000001f1ffb59110 nmethod 4906 0x000001f187de4690 code [0x000001f187de4840, 0x000001f187de4988]
Event: 20.508 Thread 0x000001f1ffb59110 4907       3       java.util.TreeMap::buildFromSorted (218 bytes)
Event: 20.509 Thread 0x000001f1ffb59110 nmethod 4907 0x000001f187ba7b10 code [0x000001f187ba7d80, 0x000001f187ba8a58]

GC Heap History (20 events):
Event: 2.271 GC heap before
{Heap before GC invocations=0 (full 0):
 garbage-first heap   total 126976K, used 13312K [0x0000000084200000, 0x0000000100000000)
  region size 1024K, 13 young (13312K), 0 survivors (0K)
 Metaspace       used 1927K, committed 2176K, reserved 1114112K
  class space    used 189K, committed 320K, reserved 1048576K
}
Event: 2.323 GC heap after
{Heap after GC invocations=1 (full 0):
 garbage-first heap   total 126976K, used 1856K [0x0000000084200000, 0x0000000100000000)
  region size 1024K, 2 young (2048K), 2 survivors (2048K)
 Metaspace       used 1927K, committed 2176K, reserved 1114112K
  class space    used 189K, committed 320K, reserved 1048576K
}
Event: 4.189 GC heap before
{Heap before GC invocations=1 (full 0):
 garbage-first heap   total 126976K, used 19264K [0x0000000084200000, 0x0000000100000000)
  region size 1024K, 19 young (19456K), 2 survivors (2048K)
 Metaspace       used 4637K, committed 4864K, reserved 1114112K
  class space    used 519K, committed 640K, reserved 1048576K
}
Event: 4.194 GC heap after
{Heap after GC invocations=2 (full 0):
 garbage-first heap   total 126976K, used 2868K [0x0000000084200000, 0x0000000100000000)
  region size 1024K, 1 young (1024K), 1 survivors (1024K)
 Metaspace       used 4637K, committed 4864K, reserved 1114112K
  class space    used 519K, committed 640K, reserved 1048576K
}
Event: 9.452 GC heap before
{Heap before GC invocations=2 (full 0):
 garbage-first heap   total 126976K, used 77620K [0x0000000084200000, 0x0000000100000000)
  region size 1024K, 74 young (75776K), 1 survivors (1024K)
 Metaspace       used 12291K, committed 12672K, reserved 1114112K
  class space    used 1549K, committed 1728K, reserved 1048576K
}
Event: 9.461 GC heap after
{Heap after GC invocations=3 (full 0):
 garbage-first heap   total 126976K, used 5590K [0x0000000084200000, 0x0000000100000000)
  region size 1024K, 4 young (4096K), 4 survivors (4096K)
 Metaspace       used 12291K, committed 12672K, reserved 1114112K
  class space    used 1549K, committed 1728K, reserved 1048576K
}
Event: 15.648 GC heap before
{Heap before GC invocations=3 (full 0):
 garbage-first heap   total 126976K, used 77270K [0x0000000084200000, 0x0000000100000000)
  region size 1024K, 74 young (75776K), 4 survivors (4096K)
 Metaspace       used 20159K, committed 20480K, reserved 1114112K
  class space    used 2425K, committed 2624K, reserved 1048576K
}
Event: 15.662 GC heap after
{Heap after GC invocations=4 (full 0):
 garbage-first heap   total 126976K, used 8579K [0x0000000084200000, 0x0000000100000000)
  region size 1024K, 7 young (7168K), 7 survivors (7168K)
 Metaspace       used 20159K, committed 20480K, reserved 1114112K
  class space    used 2425K, committed 2624K, reserved 1048576K
}
Event: 16.267 GC heap before
{Heap before GC invocations=4 (full 0):
 garbage-first heap   total 126976K, used 13699K [0x0000000084200000, 0x0000000100000000)
  region size 1024K, 13 young (13312K), 7 survivors (7168K)
 Metaspace       used 21143K, committed 21504K, reserved 1114112K
  class space    used 2547K, committed 2752K, reserved 1048576K
}
Event: 16.278 GC heap after
{Heap after GC invocations=5 (full 0):
 garbage-first heap   total 126976K, used 8820K [0x0000000084200000, 0x0000000100000000)
  region size 1024K, 4 young (4096K), 4 survivors (4096K)
 Metaspace       used 21143K, committed 21504K, reserved 1114112K
  class space    used 2547K, committed 2752K, reserved 1048576K
}
Event: 16.715 GC heap before
{Heap before GC invocations=6 (full 0):
 garbage-first heap   total 37888K, used 27252K [0x0000000084200000, 0x0000000100000000)
  region size 1024K, 22 young (22528K), 4 survivors (4096K)
 Metaspace       used 21291K, committed 21696K, reserved 1114112K
  class space    used 2555K, committed 2752K, reserved 1048576K
}
Event: 16.723 GC heap after
{Heap after GC invocations=7 (full 0):
 garbage-first heap   total 37888K, used 10693K [0x0000000084200000, 0x0000000100000000)
  region size 1024K, 3 young (3072K), 3 survivors (3072K)
 Metaspace       used 21291K, committed 21696K, reserved 1114112K
  class space    used 2555K, committed 2752K, reserved 1048576K
}
Event: 16.724 GC heap before
{Heap before GC invocations=7 (full 0):
 garbage-first heap   total 37888K, used 11717K [0x0000000084200000, 0x0000000100000000)
  region size 1024K, 4 young (4096K), 3 survivors (3072K)
 Metaspace       used 21291K, committed 21696K, reserved 1114112K
  class space    used 2555K, committed 2752K, reserved 1048576K
}
Event: 16.728 GC heap after
{Heap after GC invocations=8 (full 0):
 garbage-first heap   total 37888K, used 10733K [0x0000000084200000, 0x0000000100000000)
  region size 1024K, 1 young (1024K), 1 survivors (1024K)
 Metaspace       used 21291K, committed 21696K, reserved 1114112K
  class space    used 2555K, committed 2752K, reserved 1048576K
}
Event: 16.756 GC heap before
{Heap before GC invocations=8 (full 0):
 garbage-first heap   total 37888K, used 27117K [0x0000000084200000, 0x0000000100000000)
  region size 1024K, 17 young (17408K), 1 survivors (1024K)
 Metaspace       used 21294K, committed 21696K, reserved 1114112K
  class space    used 2555K, committed 2752K, reserved 1048576K
}
Event: 16.756 GC heap after
{Heap after GC invocations=9 (full 0):
 garbage-first heap   total 37888K, used 10619K [0x0000000084200000, 0x0000000100000000)
  region size 1024K, 1 young (1024K), 1 survivors (1024K)
 Metaspace       used 21294K, committed 21696K, reserved 1114112K
  class space    used 2555K, committed 2752K, reserved 1048576K
}
Event: 16.833 GC heap before
{Heap before GC invocations=9 (full 0):
 garbage-first heap   total 37888K, used 28027K [0x0000000084200000, 0x0000000100000000)
  region size 1024K, 18 young (18432K), 1 survivors (1024K)
 Metaspace       used 21323K, committed 21696K, reserved 1114112K
  class space    used 2557K, committed 2752K, reserved 1048576K
}
Event: 16.834 GC heap after
{Heap after GC invocations=10 (full 0):
 garbage-first heap   total 95232K, used 10549K [0x0000000084200000, 0x0000000100000000)
  region size 1024K, 1 young (1024K), 1 survivors (1024K)
 Metaspace       used 21323K, committed 21696K, reserved 1114112K
  class space    used 2557K, committed 2752K, reserved 1048576K
}
Event: 19.899 GC heap before
{Heap before GC invocations=10 (full 0):
 garbage-first heap   total 95232K, used 65845K [0x0000000084200000, 0x0000000100000000)
  region size 1024K, 55 young (56320K), 1 survivors (1024K)
 Metaspace       used 27269K, committed 27648K, reserved 1114112K
  class space    used 3264K, committed 3456K, reserved 1048576K
}
Event: 19.907 GC heap after
{Heap after GC invocations=11 (full 0):
 garbage-first heap   total 95232K, used 14159K [0x0000000084200000, 0x0000000100000000)
  region size 1024K, 4 young (4096K), 4 survivors (4096K)
 Metaspace       used 27269K, committed 27648K, reserved 1114112K
  class space    used 3264K, committed 3456K, reserved 1048576K
}

Dll operation events (8 events):
Event: 0.057 Loaded shared library C:\Program Files\Eclipse Adoptium\jdk-17.0.18.8-hotspot\bin\java.dll
Event: 0.093 Loaded shared library C:\Program Files\Eclipse Adoptium\jdk-17.0.18.8-hotspot\bin\jsvml.dll
Event: 0.288 Loaded shared library C:\Program Files\Eclipse Adoptium\jdk-17.0.18.8-hotspot\bin\net.dll
Event: 0.305 Loaded shared library C:\Program Files\Eclipse Adoptium\jdk-17.0.18.8-hotspot\bin\nio.dll
Event: 0.318 Loaded shared library C:\Program Files\Eclipse Adoptium\jdk-17.0.18.8-hotspot\bin\zip.dll
Event: 0.544 Loaded shared library C:\Program Files\Eclipse Adoptium\jdk-17.0.18.8-hotspot\bin\jimage.dll
Event: 2.425 Loaded shared library C:\Program Files\Eclipse Adoptium\jdk-17.0.18.8-hotspot\bin\verify.dll
Event: 16.988 Loaded shared library C:\Program Files\Eclipse Adoptium\jdk-17.0.18.8-hotspot\bin\extnet.dll

Deoptimization events (20 events):
Event: 20.388 Thread 0x000001f1dc5852f0 Uncommon trap: trap_request=0xffffff45 fr.pc=0x000001f18f612670 relative=0x00000000000001d0
Event: 20.388 Thread 0x000001f1dc5852f0 Uncommon trap: reason=unstable_if action=reinterpret pc=0x000001f18f612670 method=java.lang.String.indexOf(Ljava/lang/String;)I @ 10 c2
Event: 20.388 Thread 0x000001f1dc5852f0 DEOPT PACKING pc=0x000001f18f612670 sp=0x000000dba64ff130
Event: 20.388 Thread 0x000001f1dc5852f0 DEOPT UNPACKING pc=0x000001f18f03a1a3 sp=0x000000dba64ff0c0 mode 2
Event: 20.388 Thread 0x000001f1dc5852f0 Uncommon trap: trap_request=0xffffff45 fr.pc=0x000001f18f71342c relative=0x000000000000018c
Event: 20.388 Thread 0x000001f1dc5852f0 Uncommon trap: reason=unstable_if action=reinterpret pc=0x000001f18f71342c method=java.lang.String.equals(Ljava/lang/Object;)Z @ 33 c2
Event: 20.388 Thread 0x000001f1dc5852f0 DEOPT PACKING pc=0x000001f18f71342c sp=0x000000dba64ff130
Event: 20.388 Thread 0x000001f1dc5852f0 DEOPT UNPACKING pc=0x000001f18f03a1a3 sp=0x000000dba64ff0c0 mode 2
Event: 20.388 Thread 0x000001f1dc5852f0 Uncommon trap: trap_request=0xffffff45 fr.pc=0x000001f18f6c1a3c relative=0x000000000000021c
Event: 20.388 Thread 0x000001f1dc5852f0 Uncommon trap: reason=unstable_if action=reinterpret pc=0x000001f18f6c1a3c method=java.lang.String.startsWith(Ljava/lang/String;I)Z @ 50 c2
Event: 20.388 Thread 0x000001f1dc5852f0 DEOPT PACKING pc=0x000001f18f6c1a3c sp=0x000000dba64ff130
Event: 20.388 Thread 0x000001f1dc5852f0 DEOPT UNPACKING pc=0x000001f18f03a1a3 sp=0x000000dba64ff090 mode 2
Event: 20.388 Thread 0x000001f1dc5852f0 Uncommon trap: trap_request=0xffffff45 fr.pc=0x000001f18f65264c relative=0x00000000000001ac
Event: 20.388 Thread 0x000001f1dc5852f0 Uncommon trap: reason=unstable_if action=reinterpret pc=0x000001f18f65264c method=java.lang.String.startsWith(Ljava/lang/String;I)Z @ 50 c2
Event: 20.388 Thread 0x000001f1dc5852f0 DEOPT PACKING pc=0x000001f18f65264c sp=0x000000dba64fed30
Event: 20.388 Thread 0x000001f1dc5852f0 DEOPT UNPACKING pc=0x000001f18f03a1a3 sp=0x000000dba64fec38 mode 2
Event: 20.396 Thread 0x000001f1f8c28660 Uncommon trap: trap_request=0xffffff45 fr.pc=0x000001f18f839590 relative=0x0000000000000170
Event: 20.396 Thread 0x000001f1f8c28660 Uncommon trap: reason=unstable_if action=reinterpret pc=0x000001f18f839590 method=java.util.concurrent.ConcurrentSkipListMap.tryReduceLevel()V @ 22 c2
Event: 20.396 Thread 0x000001f1f8c28660 DEOPT PACKING pc=0x000001f18f839590 sp=0x000000dba48fcb90
Event: 20.396 Thread 0x000001f1f8c28660 DEOPT UNPACKING pc=0x000001f18f03a1a3 sp=0x000000dba48fcb30 mode 2

Classes loaded (20 events):
Event: 17.948 Loading class java/util/ArrayList$ListItr
Event: 17.949 Loading class java/util/ArrayList$ListItr done
Event: 18.083 Loading class java/util/concurrent/locks/AbstractQueuedSynchronizer$ConditionNode
Event: 18.137 Loading class jdk/internal/reflect/UnsafeIntegerFieldAccessorImpl
Event: 18.143 Loading class java/util/concurrent/locks/AbstractQueuedSynchronizer$Node
Event: 18.144 Loading class jdk/internal/reflect/UnsafeIntegerFieldAccessorImpl done
Event: 18.145 Loading class java/io/FileFilter
Event: 18.145 Loading class java/util/concurrent/locks/AbstractQueuedSynchronizer$Node done
Event: 18.145 Loading class java/util/concurrent/locks/AbstractQueuedSynchronizer$ConditionNode done
Event: 18.145 Loading class java/io/FileFilter done
Event: 18.566 Loading class java/util/concurrent/locks/AbstractQueuedSynchronizer$ExclusiveNode
Event: 18.566 Loading class java/util/concurrent/LinkedBlockingQueue$LBQSpliterator
Event: 18.611 Loading class java/util/concurrent/locks/AbstractQueuedSynchronizer$ExclusiveNode done
Event: 18.614 Loading class sun/reflect/annotation/AnnotationSupport
Event: 18.623 Loading class sun/reflect/annotation/AnnotationSupport done
Event: 19.017 Loading class java/util/concurrent/LinkedBlockingQueue$LBQSpliterator done
Event: 19.470 Loading class jdk/internal/math/FloatingDecimal$ASCIIToBinaryBuffer
Event: 19.470 Loading class jdk/internal/math/FloatingDecimal$ASCIIToBinaryBuffer done
Event: 19.842 Loading class java/util/stream/SpinedBuffer$1Splitr
Event: 19.842 Loading class java/util/stream/SpinedBuffer$1Splitr done

Classes unloaded (0 events):
No events

Classes redefined (0 events):
No events

Internal exceptions (20 events):
Event: 15.429 Thread 0x000001f1f8c28660 Exception <a 'java/lang/ClassNotFoundException'{0x00000000879699a0}: com/salesforce/slds/tokens/models/styleHooks/StyleHookGroupCustomizer> (0x00000000879699a0) 
thrown [s\src\hotspot\share\classfile\systemDictionary.cpp, line 256]
Event: 15.499 Thread 0x000001f1f8c28660 Exception <a 'java/lang/ClassNotFoundException'{0x00000000879dab38}: com/salesforce/slds/tokens/models/styleHooks/StyleHookBeanInfo> (0x00000000879dab38) 
thrown [s\src\hotspot\share\classfile\systemDictionary.cpp, line 256]
Event: 15.500 Thread 0x000001f1f8c28660 Exception <a 'java/lang/ClassNotFoundException'{0x00000000879f3ab8}: com/salesforce/slds/tokens/models/styleHooks/StyleHookCustomizer> (0x00000000879f3ab8) 
thrown [s\src\hotspot\share\classfile\systemDictionary.cpp, line 256]
Event: 17.598 Thread 0x000001f1f8c28660 Implicit null exception at 0x000001f18f7be035 to 0x000001f18f7c1268
Event: 17.755 Thread 0x000001f1f8c28660 Exception <a 'java/lang/NoSuchMethodError'{0x0000000088b1eb38}: 'int java.lang.invoke.DirectMethodHandle$Holder.invokeStatic(java.lang.Object, java.lang.Object, int)'> (0x0000000088b1eb38) 
thrown [s\src\hotspot\share\interpreter\linkResolver.cpp, line 759]
Event: 18.133 Thread 0x000001f1dd3c71e0 Exception <a 'java/lang/NoSuchMethodError'{0x000000008820a968}: 'void java.lang.invoke.DirectMethodHandle$Holder.invokeSpecial(java.lang.Object, java.lang.Object, int, java.lang.Object)'> (0x000000008820a968) 
thrown [s\src\hotspot\share\interpreter\linkResolver.cpp, line 759]
Event: 18.134 Thread 0x000001f1dd3c71e0 Exception <a 'java/lang/NoSuchMethodError'{0x0000000088211750}: 'java.lang.Object java.lang.invoke.DirectMethodHandle$Holder.newInvokeSpecial(java.lang.Object, java.lang.Object, int)'> (0x0000000088211750) 
thrown [s\src\hotspot\share\interpreter\linkResolver.cpp, line 759]
Event: 19.428 Thread 0x000001f1f8c28660 Implicit null exception at 0x000001f18f7246eb to 0x000001f18f724b78
Event: 19.453 Thread 0x000001f1f8c28660 Implicit null exception at 0x000001f18f822e91 to 0x000001f18f823594
Event: 19.468 Thread 0x000001f1f8c28660 Exception <a 'java/lang/ClassNotFoundException'{0x0000000087389290}: com/salesforce/slds/shared/converters/colors/ColorConfigBeanInfo> (0x0000000087389290) 
thrown [s\src\hotspot\share\classfile\systemDictionary.cpp, line 256]
Event: 19.468 Thread 0x000001f1f8c28660 Exception <a 'java/lang/ClassNotFoundException'{0x000000008739fb78}: com/salesforce/slds/shared/converters/colors/ColorConfigCustomizer> (0x000000008739fb78) 
thrown [s\src\hotspot\share\classfile\systemDictionary.cpp, line 256]
Event: 19.471 Thread 0x000001f1f8c28660 Exception <a 'java/lang/ClassNotFoundException'{0x00000000873bf160}: com/salesforce/slds/shared/converters/colors/ColorConfig$StaticMappingBeanInfo> (0x00000000873bf160) 
thrown [s\src\hotspot\share\classfile\systemDictionary.cpp, line 256]
Event: 19.472 Thread 0x000001f1f8c28660 Exception <a 'java/lang/ClassNotFoundException'{0x00000000873d6538}: com/salesforce/slds/shared/converters/colors/ColorConfig$StaticMappingCustomizer> (0x00000000873d6538) 
thrown [s\src\hotspot\share\classfile\systemDictionary.cpp, line 256]
Event: 19.817 Thread 0x000001f1dd3c71e0 Exception <a 'java/lang/ClassNotFoundException'{0x0000000086ebf6f0}: com/salesforce/slds/validation/validators/models/PropertiesBeanInfo> (0x0000000086ebf6f0) 
thrown [s\src\hotspot\share\classfile\systemDictionary.cpp, line 256]
Event: 19.817 Thread 0x000001f1dd3c71e0 Exception <a 'java/lang/ClassNotFoundException'{0x0000000086ed7130}: com/salesforce/slds/validation/validators/models/PropertiesCustomizer> (0x0000000086ed7130) 
thrown [s\src\hotspot\share\classfile\systemDictionary.cpp, line 256]
Event: 19.819 Thread 0x000001f1dd3c71e0 Exception <a 'java/lang/ClassNotFoundException'{0x0000000086ef69b0}: com/salesforce/slds/validation/validators/models/Properties$ItemBeanInfo> (0x0000000086ef69b0) 
thrown [s\src\hotspot\share\classfile\systemDictionary.cpp, line 256]
Event: 19.820 Thread 0x000001f1dd3c71e0 Exception <a 'java/lang/ClassNotFoundException'{0x0000000086d0e870}: com/salesforce/slds/validation/validators/models/Properties$ItemCustomizer> (0x0000000086d0e870) 
thrown [s\src\hotspot\share\classfile\systemDictionary.cpp, line 256]
Event: 20.219 Thread 0x000001f1f8c28660 Exception <a 'java/lang/NoSuchMethodError'{0x00000000896a9e98}: 'void java.lang.invoke.DirectMethodHandle$Holder.invokeStatic(java.lang.Object, int, java.lang.Object)'> (0x00000000896a9e98) 
thrown [s\src\hotspot\share\interpreter\linkResolver.cpp, line 759]
Event: 20.221 Thread 0x000001f1f8c28660 Implicit null exception at 0x000001f18f836450 to 0x000001f18f836494
Event: 20.396 Thread 0x000001f1f8c28660 Implicit null exception at 0x000001f18f839477 to 0x000001f18f839578

VM Operations (20 events):
Event: 19.362 Executing VM operation: HandshakeAllThreads
Event: 19.362 Executing VM operation: HandshakeAllThreads done
Event: 19.779 Executing VM operation: ICBufferFull
Event: 19.813 Executing VM operation: ICBufferFull done
Event: 19.899 Executing VM operation: G1CollectForAllocation
Event: 19.907 Executing VM operation: G1CollectForAllocation done
Event: 19.954 Executing VM operation: HandshakeAllThreads
Event: 19.954 Executing VM operation: HandshakeAllThreads done
Event: 19.991 Executing VM operation: HandshakeAllThreads
Event: 19.991 Executing VM operation: HandshakeAllThreads done
Event: 20.002 Executing VM operation: HandshakeAllThreads
Event: 20.015 Executing VM operation: HandshakeAllThreads done
Event: 20.205 Executing VM operation: HandshakeAllThreads
Event: 20.205 Executing VM operation: HandshakeAllThreads done
Event: 20.211 Executing VM operation: HandshakeAllThreads
Event: 20.211 Executing VM operation: HandshakeAllThreads done
Event: 20.212 Executing VM operation: HandshakeAllThreads
Event: 20.212 Executing VM operation: HandshakeAllThreads done
Event: 21.212 Executing VM operation: Cleanup
Event: 21.999 Executing VM operation: Cleanup done

Memory protections (0 events):
No events

Nmethod flushes (20 events):
Event: 20.021 Thread 0x000001f196bf07e0 flushing  nmethod 0x000001f188336d90
Event: 20.021 Thread 0x000001f196bf07e0 flushing  nmethod 0x000001f18835ce10
Event: 20.021 Thread 0x000001f196bf07e0 flushing  nmethod 0x000001f18835d810
Event: 20.021 Thread 0x000001f196bf07e0 flushing  nmethod 0x000001f188364d90
Event: 20.021 Thread 0x000001f196bf07e0 flushing  nmethod 0x000001f188365210
Event: 20.021 Thread 0x000001f196bf07e0 flushing  nmethod 0x000001f188378010
Event: 20.021 Thread 0x000001f196bf07e0 flushing  nmethod 0x000001f188386b90
Event: 20.021 Thread 0x000001f196bf07e0 flushing  nmethod 0x000001f188389210
Event: 20.021 Thread 0x000001f196bf07e0 flushing  nmethod 0x000001f18838a990
Event: 20.021 Thread 0x000001f196bf07e0 flushing  nmethod 0x000001f188391010
Event: 20.021 Thread 0x000001f196bf07e0 flushing  nmethod 0x000001f188397890
Event: 20.021 Thread 0x000001f196bf07e0 flushing  nmethod 0x000001f18839df10
Event: 20.021 Thread 0x000001f196bf07e0 flushing  nmethod 0x000001f1883a0690
Event: 20.021 Thread 0x000001f196bf07e0 flushing  nmethod 0x000001f1883b0910
Event: 20.021 Thread 0x000001f196bf07e0 flushing  nmethod 0x000001f1883b1810
Event: 20.021 Thread 0x000001f196bf07e0 flushing  nmethod 0x000001f1883b2090
Event: 20.021 Thread 0x000001f196bf07e0 flushing  nmethod 0x000001f1883cea90
Event: 20.021 Thread 0x000001f196bf07e0 flushing  nmethod 0x000001f1883dc210
Event: 20.021 Thread 0x000001f196bf07e0 flushing  nmethod 0x000001f1883df390
Event: 20.022 Thread 0x000001f196bf07e0 flushing  nmethod 0x000001f1883f7790

Events (20 events):
Event: 18.770 Thread 0x000001f196c6b560 Thread exited: 0x000001f196c6b560
Event: 18.770 Thread 0x000001f1dc583eb0 Thread exited: 0x000001f1dc583eb0
Event: 19.022 Thread 0x000001f1de6e2b40 Thread exited: 0x000001f1de6e2b40
Event: 19.071 Thread 0x000001f1ffb50d10 Thread added: 0x000001f1de0491d0
Event: 19.156 Thread 0x000001f1dc5843c0 Thread exited: 0x000001f1dc5843c0
Event: 19.156 Thread 0x000001f1dc584de0 Thread exited: 0x000001f1dc584de0
Event: 19.735 Thread 0x000001f1de0491d0 Thread exited: 0x000001f1de0491d0
Event: 19.774 Thread 0x000001f1ffb50d10 Thread added: 0x000001f1de00f3b0
Event: 20.221 Thread 0x000001f1f8c28660 Thread added: 0x000001f1dc5848d0
Event: 20.221 Thread 0x000001f1f8c28660 Thread added: 0x000001f1dc583490
Event: 20.221 Thread 0x000001f1f8c28660 Thread added: 0x000001f1dc583eb0
Event: 20.221 Thread 0x000001f1f8c28660 Thread added: 0x000001f1dc5852f0
Event: 20.221 Thread 0x000001f1f8c28660 Thread added: 0x000001f1dc585800
Event: 20.221 Thread 0x000001f1f8c28660 Thread added: 0x000001f1dc5843c0
Event: 20.392 Thread 0x000001f1dc5852f0 Thread exited: 0x000001f1dc5852f0
Event: 20.393 Thread 0x000001f1dc583eb0 Thread exited: 0x000001f1dc583eb0
Event: 20.393 Thread 0x000001f1dc583490 Thread exited: 0x000001f1dc583490
Event: 20.393 Thread 0x000001f1dc5848d0 Thread exited: 0x000001f1dc5848d0
Event: 21.998 Thread 0x000001f1dc585800 Thread exited: 0x000001f1dc585800
Event: 21.999 Thread 0x000001f1dc5843c0 Thread exited: 0x000001f1dc5843c0


Dynamic libraries:
0x00007ff76a4b0000 - 0x00007ff76a4be000 	C:\Program Files\Eclipse Adoptium\jdk-17.0.18.8-hotspot\bin\java.exe
0x00007ffc7da20000 - 0x00007ffc7dc86000 	C:\Windows\SYSTEM32\ntdll.dll
0x00007ffc7c1f0000 - 0x00007ffc7c2b9000 	C:\Windows\System32\KERNEL32.DLL
0x00007ffc7b210000 - 0x00007ffc7b60a000 	C:\Windows\System32\KERNELBASE.dll
0x00007ffc7ae10000 - 0x00007ffc7af5c000 	C:\Windows\System32\ucrtbase.dll
0x00007ffc4d730000 - 0x00007ffc4d748000 	C:\Program Files\Eclipse Adoptium\jdk-17.0.18.8-hotspot\bin\jli.dll
0x00007ffc7cfe0000 - 0x00007ffc7d1a7000 	C:\Windows\System32\USER32.dll
0x00007ffc7b6d0000 - 0x00007ffc7b6f7000 	C:\Windows\System32\win32u.dll
0x00007ffc7d940000 - 0x00007ffc7d96b000 	C:\Windows\System32\GDI32.dll
0x00007ffc7b0e0000 - 0x00007ffc7b20b000 	C:\Windows\System32\gdi32full.dll
0x00007ffc7ad60000 - 0x00007ffc7ae03000 	C:\Windows\System32\msvcp_win.dll
0x00007ffc614a0000 - 0x00007ffc61732000 	C:\Windows\WinSxS\amd64_microsoft.windows.common-controls_6595b64144ccf1df_6.0.26100.8521_none_3e08b75ce33403b3\COMCTL32.dll
0x00007ffc7c770000 - 0x00007ffc7c819000 	C:\Windows\System32\msvcrt.dll
0x00007ffc4bd80000 - 0x00007ffc4bd9e000 	C:\Program Files\Eclipse Adoptium\jdk-17.0.18.8-hotspot\bin\VCRUNTIME140.dll
0x00007ffc7c5a0000 - 0x00007ffc7c5d2000 	C:\Windows\System32\IMM32.DLL
0x00007ffc650b0000 - 0x00007ffc650bc000 	C:\Program Files\Eclipse Adoptium\jdk-17.0.18.8-hotspot\bin\vcruntime140_1.dll
0x00007ffc392c0000 - 0x00007ffc3934d000 	C:\Program Files\Eclipse Adoptium\jdk-17.0.18.8-hotspot\bin\msvcp140.dll
0x00007ffbecaf0000 - 0x00007ffbed75b000 	C:\Program Files\Eclipse Adoptium\jdk-17.0.18.8-hotspot\bin\server\jvm.dll
0x00007ffc7ce90000 - 0x00007ffc7cf46000 	C:\Windows\System32\ADVAPI32.dll
0x00007ffc7c2c0000 - 0x00007ffc7c36a000 	C:\Windows\System32\sechost.dll
0x00007ffc7bf10000 - 0x00007ffc7c028000 	C:\Windows\System32\RPCRT4.dll
0x00007ffc7c6e0000 - 0x00007ffc7c760000 	C:\Windows\System32\WS2_32.dll
0x00007ffc7ab10000 - 0x00007ffc7ab6e000 	C:\Windows\SYSTEM32\POWRPROF.dll
0x00007ffc72750000 - 0x00007ffc72786000 	C:\Windows\SYSTEM32\WINMM.dll
0x00007ffc74a20000 - 0x00007ffc74a2b000 	C:\Windows\SYSTEM32\VERSION.dll
0x00007ffc7aaf0000 - 0x00007ffc7ab04000 	C:\Windows\SYSTEM32\UMPDC.dll
0x00007ffc79a00000 - 0x00007ffc79a1b000 	C:\Windows\SYSTEM32\kernel.appcore.dll
0x00007ffc64ca0000 - 0x00007ffc64caa000 	C:\Program Files\Eclipse Adoptium\jdk-17.0.18.8-hotspot\bin\jimage.dll
0x00007ffc782b0000 - 0x00007ffc784f2000 	C:\Windows\SYSTEM32\DBGHELP.DLL
0x00007ffc7ca70000 - 0x00007ffc7cdf3000 	C:\Windows\System32\combase.dll
0x00007ffc7c820000 - 0x00007ffc7c8f9000 	C:\Windows\System32\OLEAUT32.dll
0x00007ffc5e100000 - 0x00007ffc5e13b000 	C:\Windows\SYSTEM32\dbgcore.DLL
0x00007ffc7acb0000 - 0x00007ffc7ad58000 	C:\Windows\System32\bcryptPrimitives.dll
0x00007ffc3af70000 - 0x00007ffc3af95000 	C:\Program Files\Eclipse Adoptium\jdk-17.0.18.8-hotspot\bin\java.dll
0x00007ffc29640000 - 0x00007ffc29717000 	C:\Program Files\Eclipse Adoptium\jdk-17.0.18.8-hotspot\bin\jsvml.dll
0x00007ffc7d1b0000 - 0x00007ffc7d934000 	C:\Windows\System32\SHELL32.dll
0x00007ffc78830000 - 0x00007ffc790b0000 	C:\Windows\SYSTEM32\windows.storage.dll
0x00007ffc7c5e0000 - 0x00007ffc7c6d6000 	C:\Windows\System32\SHCORE.dll
0x00007ffc7d970000 - 0x00007ffc7d9d7000 	C:\Windows\System32\shlwapi.dll
0x00007ffc7abd0000 - 0x00007ffc7abf9000 	C:\Windows\SYSTEM32\profapi.dll
0x00007ffc48050000 - 0x00007ffc4806a000 	C:\Program Files\Eclipse Adoptium\jdk-17.0.18.8-hotspot\bin\net.dll
0x00007ffc74bc0000 - 0x00007ffc74ce9000 	C:\Windows\SYSTEM32\WINHTTP.dll
0x00007ffc79f50000 - 0x00007ffc79fbc000 	C:\Windows\system32\mswsock.dll
0x00007ffc47ff0000 - 0x00007ffc48006000 	C:\Program Files\Eclipse Adoptium\jdk-17.0.18.8-hotspot\bin\nio.dll
0x00007ffc3c6c0000 - 0x00007ffc3c6d8000 	C:\Program Files\Eclipse Adoptium\jdk-17.0.18.8-hotspot\bin\zip.dll
0x00007ffc63d60000 - 0x00007ffc63d70000 	C:\Program Files\Eclipse Adoptium\jdk-17.0.18.8-hotspot\bin\verify.dll
0x00007ffc794d0000 - 0x00007ffc7961a000 	C:\Windows\SYSTEM32\DNSAPI.dll
0x00007ffc79d70000 - 0x00007ffc79d7d000 	C:\Windows\SYSTEM32\DSPARSE.dll
0x00007ffc793e0000 - 0x00007ffc79413000 	C:\Windows\SYSTEM32\IPHLPAPI.DLL
0x00007ffc7ca60000 - 0x00007ffc7ca6a000 	C:\Windows\System32\NSI.dll
0x00007ffc6b740000 - 0x00007ffc6b74b000 	C:\Windows\System32\rasadhlp.dll
0x00007ffc74d60000 - 0x00007ffc74de6000 	C:\Windows\System32\fwpuclnt.dll
0x00007ffc62c90000 - 0x00007ffc62c99000 	C:\Program Files\Eclipse Adoptium\jdk-17.0.18.8-hotspot\bin\extnet.dll

dbghelp: loaded successfully - version: 4.0.5 - missing functions: none
symbol engine: initialized successfully - sym options: 0x614 - pdb path: .;C:\Program Files\Eclipse Adoptium\jdk-17.0.18.8-hotspot\bin;C:\Windows\SYSTEM32;C:\Windows\WinSxS\amd64_microsoft.windows.common-controls_6595b64144ccf1df_6.0.26100.8521_none_3e08b75ce33403b3;C:\Program Files\Eclipse Adoptium\jdk-17.0.18.8-hotspot\bin\server

VM Arguments:
java_command: c:\Users\SMR\.vscode\extensions\salesforce.salesforce-vscode-slds-2.0.12\lsp-2.0.12-executable.jar --PORT=55578
java_class_path (initial): c:\Users\SMR\.vscode\extensions\salesforce.salesforce-vscode-slds-2.0.12\lsp-2.0.12-executable.jar
Launcher Type: SUN_STANDARD

[Global flags]
     intx CICompilerCount                          = 3                                         {product} {ergonomic}
     uint ConcGCThreads                            = 1                                         {product} {ergonomic}
     uint G1ConcRefinementThreads                  = 4                                         {product} {ergonomic}
   size_t G1HeapRegionSize                         = 1048576                                   {product} {ergonomic}
    uintx GCDrainStackTargetSize                   = 64                                        {product} {ergonomic}
   size_t InitialHeapSize                          = 130023424                                 {product} {ergonomic}
   size_t MarkStackSize                            = 4194304                                   {product} {ergonomic}
   size_t MaxHeapSize                              = 2078277632                                {product} {ergonomic}
   size_t MaxNewSize                               = 1246756864                                {product} {ergonomic}
   size_t MinHeapDeltaBytes                        = 1048576                                   {product} {ergonomic}
   size_t MinHeapSize                              = 8388608                                   {product} {ergonomic}
    uintx NonNMethodCodeHeapSize                   = 5832780                                {pd product} {ergonomic}
    uintx NonProfiledCodeHeapSize                  = 122912730                              {pd product} {ergonomic}
    uintx ProfiledCodeHeapSize                     = 122912730                              {pd product} {ergonomic}
    uintx ReservedCodeCacheSize                    = 251658240                              {pd product} {ergonomic}
     bool SegmentedCodeCache                       = true                                      {product} {ergonomic}
   size_t SoftMaxHeapSize                          = 2078277632                             {manageable} {ergonomic}
     bool UseCompressedClassPointers               = true                           {product lp64_product} {ergonomic}
     bool UseCompressedOops                        = true                           {product lp64_product} {ergonomic}
     bool UseG1GC                                  = true                                      {product} {ergonomic}
     bool UseLargePagesIndividualAllocation        = false                                  {pd product} {ergonomic}

Logging:
Log output configuration:
 #0: stdout all=warning uptime,level,tags
 #1: stderr all=off uptime,level,tags

Environment Variables:
JAVA_HOME=C:\Program Files\Eclipse Adoptium\jdk-17.0.18.8-hotspot\
PATH=C:\Program Files\Eclipse Adoptium\jdk-17.0.18.8-hotspot\bin;C:\Python313\Scripts\;C:\Python313\;C:\Windows\system32;C:\Windows;C:\Windows\System32\Wbem;C:\Windows\System32\WindowsPowerShell\v1.0\;C:\Windows\System32\OpenSSH\;C:\Program Files\dotnet\;C:\Program Files\Git\cmd;C:\Program Files\nodejs\;C:\ProgramData\chocolatey\bin;C:\Program Files\PostgreSQL\17\bin;C:\Program Files\Amazon\AWSCLIV2\;C:\Users\SMR\AppData\Local\Microsoft\WindowsApps;C:\Users\SMR\AppData\Local\Programs\Microsoft VS Code\bin;C:\Users\SMR\.lmstudio\bin;C:\Users\SMR\AppData\Roaming\npm;C:\Program Files\sf\bin;C:\Users\SMR\Downloads\sf-x64.exe;C:\Program Files\JetBrains\IntelliJ IDEA 2025.3.2\bin;C:\Program Files\MySQL\MySQL Server 8.0\bin;C:\Program Files (x86)\Microsoft SQL Server\170\Tools\Binn\;C:\Program Files\Microsoft SQL Server\170\Tools\Binn\;C:\Program Files\Microsoft SQL Server\Client SDK\ODBC\180\Tools\Binn\;C:\Program Files\Microsoft SQL Server\170\DTS\Binn\;C:\Program Files (x86)\Microsoft SQL Server\160\DTS\Binn\;C:\Program Files\Microsoft SQL Server\Client SDK\ODBC\170\Tools\Binn\;C:\Users\SMR\.dotnet\tools;C:\Program Files\Maven\apache-maven-3.9.14\bin;;C:\Program Files\Maven\apache-maven-3.9.14\bin;C:\Program Files\Docker\Docker\resources\bin;C:\Users\SMR\AppData\Local\Microsoft\WindowsApps;C:\Users\SMR\AppData\Local\Programs\Microsoft VS Code\bin;C:\Users\SMR\.lmstudio\bin;C:\Users\SMR\AppData\Roaming\npm;C:\Program Files\sf\bin;C:\Users\SMR\Downloads\sf-x64.exe;C:\Program Files\JetBrains\IntelliJ IDEA 2025.3.2\bin;C:\Users\SMR\.dotnet\tools
USERNAME=SMR
OS=Windows_NT
PROCESSOR_IDENTIFIER=Intel64 Family 6 Model 140 Stepping 1, GenuineIntel
TMP=C:\Users\SMR\AppData\Local\Temp
TEMP=C:\Users\SMR\AppData\Local\Temp



Periodic native trim disabled


---------------  S Y S T E M  ---------------

OS:
 Windows 11 , 64 bit Build 26100 (10.0.26100.8521)
OS uptime: 12 days 6:20 hours
Hyper-V role detected

CPU: total 4 (initial active 4) (2 cores per cpu, 2 threads per core) family 6 model 140 stepping 1 microcode 0xbe, cx8, cmov, fxsr, ht, mmx, 3dnowpref, sse, sse2, sse3, ssse3, sse4.1, sse4.2, popcnt, lzcnt, tsc, tscinvbit, avx, avx2, aes, erms, clmul, bmi1, bmi2, adx, avx512f, avx512dq, avx512cd, avx512bw, avx512vl, sha, fma, vzeroupper, avx512_vpopcntdq, avx512_vpclmulqdq, avx512_vaes, avx512_vnni, clflush, clflushopt, clwb, avx512_vbmi2, avx512_vbmi, hv
Processor Information for all 4 processors :
  Max Mhz: 2995, Current Mhz: 2995, Mhz Limit: 2995

Memory: 4k page, system-wide physical 7926M (518M free)
TotalPageFile size 32502M (AvailPageFile size 9M)
current process WorkingSet (physical memory assigned to process): 174M, peak: 186M
current process commit charge ("private bytes"): 228M, peak: 257M

vm_info: OpenJDK 64-Bit Server VM (17.0.18+8) for windows-amd64 JRE (17.0.18+8), built on Jan 20 2026 22:28:22 by "admin" with MS VC++ 17.12 (VS2022)

END.
